2025-10-21 5:30:16 PM +0000  Initial pipeline context: <IDEDistributionProcessingPipelineContext: 0x7a11ac000; archive(resolved)="<IDEArchive: 0x786f1d6c0>", distributionTask(resolved)="2", distributionDestination(resolved)="1", distributionMethod(resolved)="<IDEDistributionMethodDevelopmentSigned: 0x77f5c9fe0>", team(resolved)="<IDEProvisioningDisambiguatableBasicTeam: 0x779e20bc0; teamID='244FRME228', teamName='Dinesh Mishra', teamType='Individual', username='dinesh@appnoize.com', isFreeProvisioningTeam='0'>">
	Chain (15, self inclusive):
	<IDEDistributionProcessingPipelineContext: 0x7a11ac000; archive = "<IDEArchive: 0x786f1d6c0>", distributionMethod="<IDEDistributionMethodDevelopmentSigned: 0x77f5c9fe0>", team="<IDEProvisioningDisambiguatableBasicTeam: 0x779e20bc0; teamID='244FRME228', teamName='Dinesh Mishra', teamType='Individual', username='dinesh@appnoize.com', isFreeProvisioningTeam='0'>">
	<IDEDistributionProcessingPipelineContext: 0x7a11af000; archive = "<IDEArchive: 0x786f1d6c0>", distributionMethod="<IDEDistributionMethodDevelopmentSigned: 0x77f5c9fe0>", team="<IDEProvisioningDisambiguatableBasicTeam: 0x779e20bc0; teamID='244FRME228', teamName='Dinesh Mishra', teamType='Individual', username='dinesh@appnoize.com', isFreeProvisioningTeam='0'>">
	<IDEDistributionContext: 0x7a1173700; archive = "<IDEArchive: 0x786f1d6c0>", distributionMethod="<IDEDistributionMethodDevelopmentSigned: 0x77f5c9fe0>", team="<IDEProvisioningDisambiguatableBasicTeam: 0x779e20bc0; teamID='244FRME228', teamName='Dinesh Mishra', teamType='Individual', username='dinesh@appnoize.com', isFreeProvisioningTeam='0'>">
	<IDEDistributionContext: 0x7a1172580; archive = "<IDEArchive: 0x786f1d6c0>", distributionMethod="<IDEDistributionMethodDevelopmentSigned: 0x77f5c9fe0>", team="<IDEProvisioningDisambiguatableBasicTeam: 0x779e20bc0; teamID='244FRME228', teamName='Dinesh Mishra', teamType='Individual', username='dinesh@appnoize.com', isFreeProvisioningTeam='0'>">
	<IDEDistributionContext: 0x7a1172800; archive = "<IDEArchive: 0x786f1d6c0>", distributionMethod="<IDEDistributionMethodDevelopmentSigned: 0x77f5c9fe0>", team="<IDEProvisioningDisambiguatableBasicTeam: 0x779e20bc0; teamID='244FRME228', teamName='Dinesh Mishra', teamType='Individual', username='dinesh@appnoize.com', isFreeProvisioningTeam='0'>">
	<IDEDistributionContext: 0x7a1172d00; archive = "<IDEArchive: 0x786f1d6c0>", distributionMethod="<IDEDistributionMethodDevelopmentSigned: 0x77f5c9fe0>", team="<IDEProvisioningDisambiguatableBasicTeam: 0x779e20bc0; teamID='244FRME228', teamName='Dinesh Mishra', teamType='Individual', username='dinesh@appnoize.com', isFreeProvisioningTeam='0'>">
	<IDEDistributionContext: 0x7a1133480; archive = "<IDEArchive: 0x786f1d6c0>", distributionMethod="<IDEDistributionMethodDevelopmentSigned: 0x77f5c9fe0>", team="<IDEProvisioningDisambiguatableBasicTeam: 0x779e20bc0; teamID='244FRME228', teamName='Dinesh Mishra', teamType='Individual', username='dinesh@appnoize.com', isFreeProvisioningTeam='0'>">
	<IDEDistributionContext: 0x7a1132080; archive = "<IDEArchive: 0x786f1d6c0>", distributionMethod="<IDEDistributionMethodDevelopmentSigned: 0x77f5c9fe0>", team="<IDEProvisioningDisambiguatableBasicTeam: 0x779e20bc0; teamID='244FRME228', teamName='Dinesh Mishra', teamType='Individual', username='dinesh@appnoize.com', isFreeProvisioningTeam='0'>">
	<IDEDistributionContext: 0x7a1162f80; archive = "<IDEArchive: 0x786f1d6c0>", distributionMethod="<IDEDistributionMethodDevelopmentSigned: 0x77f5c9fe0>", team="<IDEProvisioningDisambiguatableBasicTeam: 0x779e20bc0; teamID='244FRME228', teamName='Dinesh Mishra', teamType='Individual', username='dinesh@appnoize.com', isFreeProvisioningTeam='0'>">
	<IDEDistributionContext: 0x7a1163200; archive = "<IDEArchive: 0x786f1d6c0>", distributionMethod="<IDEDistributionMethodDevelopmentSigned: 0x77f5c9fe0>", team="(null)">
	<IDEDistributionContext: 0x7a1160000; archive = "<IDEArchive: 0x786f1d6c0>", distributionMethod="<IDEDistributionMethodDevelopmentSigned: 0x77f5c9fe0>", team="(null)">
	<IDEDistributionContext: 0x7a1160280; archive = "<IDEArchive: 0x786f1d6c0>", distributionMethod="<IDEDistributionMethodDevelopmentSigned: 0x77f5c9fe0>", team="(null)">
	<IDEDistributionContext: 0x7a1161180; archive = "<IDEArchive: 0x786f1d6c0>", distributionMethod="<IDEDistributionMethodDevelopmentSigned: 0x77f5c9fe0>", team="(null)">
	<IDEDistributionContext: 0x7a0739680; archive = "<IDEArchive: 0x786f1d6c0>", distributionMethod="(null)", team="(null)">
	<IDEDistributionContext: 0x7a073b480; archive = "<IDEArchive: 0x786f1d6c0>", distributionMethod="(null)", team="(null)">
</IDEDistributionProcessingPipelineContext: 0x7a11ac000>
2025-10-21 5:30:16 PM +0000  Processing step: IDEDistributionCreateDestRootStep
2025-10-21 5:30:16 PM +0000  Processing step: IDEDistributionCopyItemStep
2025-10-21 5:30:16 PM +0000  Running /usr/bin/ditto '-V' '/Users/ashfauck/Library/Developer/Xcode/Archives/2025-10-21/VerryAppDevelopment 21-10-25, 10.41 PM.xcarchive/Products/Applications/VerryApp.app' '/var/folders/x6/k7491wjd4jqbl_d65p24cj_m0000gn/T/XcodeDistPipeline.~~~cPnI0s/Root/Payload/VerryApp.app'
2025-10-21 5:30:16 PM +0000  >>> Copying /Users/ashfauck/Library/Developer/Xcode/Archives/2025-10-21/VerryAppDevelopment 21-10-25, 10.41 PM.xcarchive/Products/Applications/VerryApp.app 
2025-10-21 5:30:16 PM +0000  copying file ./_CodeSignature/CodeResources ... 
2025-10-21 5:30:16 PM +0000  41640 bytes for ./_CodeSignature/CodeResources
2025-10-21 5:30:16 PM +0000  copying file ./AppIcon60x60@2x.png ... 
2025-10-21 5:30:16 PM +0000  5417 bytes for ./AppIcon60x60@2x.png
2025-10-21 5:30:16 PM +0000  copying file ./RNDeviceInfoPrivacyInfo.bundle/PrivacyInfo.xcprivacy ... 
2025-10-21 5:30:16 PM +0000  1159 bytes for ./RNDeviceInfoPrivacyInfo.bundle/PrivacyInfo.xcprivacy
2025-10-21 5:30:16 PM +0000  copying file ./RNDeviceInfoPrivacyInfo.bundle/Info.plist ... 
2025-10-21 5:30:16 PM +0000  796 bytes for ./RNDeviceInfoPrivacyInfo.bundle/Info.plist
2025-10-21 5:30:16 PM +0000  copying file ./Assets.car ... 
2025-10-21 5:30:16 PM +0000  140680 bytes for ./Assets.car
2025-10-21 5:30:16 PM +0000  copying file ./main.jsbundle ... 
2025-10-21 5:30:16 PM +0000  3722231 bytes for ./main.jsbundle
2025-10-21 5:30:16 PM +0000  copying file ./RCTI18nStrings.bundle/de.lproj/Localizable.strings ... 
2025-10-21 5:30:16 PM +0000  64 bytes for ./RCTI18nStrings.bundle/de.lproj/Localizable.strings
2025-10-21 5:30:16 PM +0000  copying file ./RCTI18nStrings.bundle/de.lproj/fbt_language_pack.bin ... 
2025-10-21 5:30:16 PM +0000  1312 bytes for ./RCTI18nStrings.bundle/de.lproj/fbt_language_pack.bin
2025-10-21 5:30:16 PM +0000  copying file ./RCTI18nStrings.bundle/he.lproj/Localizable.strings ... 
2025-10-21 5:30:16 PM +0000  64 bytes for ./RCTI18nStrings.bundle/he.lproj/Localizable.strings
2025-10-21 5:30:16 PM +0000  copying file ./RCTI18nStrings.bundle/he.lproj/fbt_language_pack.bin ... 
2025-10-21 5:30:16 PM +0000  1444 bytes for ./RCTI18nStrings.bundle/he.lproj/fbt_language_pack.bin
2025-10-21 5:30:16 PM +0000  copying file ./RCTI18nStrings.bundle/ar.lproj/Localizable.strings ... 
2025-10-21 5:30:16 PM +0000  64 bytes for ./RCTI18nStrings.bundle/ar.lproj/Localizable.strings
2025-10-21 5:30:16 PM +0000  copying file ./RCTI18nStrings.bundle/ar.lproj/fbt_language_pack.bin ... 
2025-10-21 5:30:16 PM +0000  1500 bytes for ./RCTI18nStrings.bundle/ar.lproj/fbt_language_pack.bin
2025-10-21 5:30:16 PM +0000  copying file ./RCTI18nStrings.bundle/el.lproj/Localizable.strings ... 
2025-10-21 5:30:16 PM +0000  64 bytes for ./RCTI18nStrings.bundle/el.lproj/Localizable.strings
2025-10-21 5:30:16 PM +0000  copying file ./RCTI18nStrings.bundle/el.lproj/fbt_language_pack.bin ... 
2025-10-21 5:30:16 PM +0000  1600 bytes for ./RCTI18nStrings.bundle/el.lproj/fbt_language_pack.bin
2025-10-21 5:30:16 PM +0000  copying file ./RCTI18nStrings.bundle/zh-Hans.lproj/Localizable.strings ... 
2025-10-21 5:30:16 PM +0000  64 bytes for ./RCTI18nStrings.bundle/zh-Hans.lproj/Localizable.strings
2025-10-21 5:30:16 PM +0000  copying file ./RCTI18nStrings.bundle/zh-Hans.lproj/fbt_language_pack.bin ... 
2025-10-21 5:30:16 PM +0000  1296 bytes for ./RCTI18nStrings.bundle/zh-Hans.lproj/fbt_language_pack.bin
2025-10-21 5:30:16 PM +0000  copying file ./RCTI18nStrings.bundle/ja.lproj/Localizable.strings ... 
2025-10-21 5:30:16 PM +0000  64 bytes for ./RCTI18nStrings.bundle/ja.lproj/Localizable.strings
2025-10-21 5:30:16 PM +0000  copying file ./RCTI18nStrings.bundle/ja.lproj/fbt_language_pack.bin ... 
2025-10-21 5:30:16 PM +0000  1436 bytes for ./RCTI18nStrings.bundle/ja.lproj/fbt_language_pack.bin
2025-10-21 5:30:16 PM +0000  copying file ./RCTI18nStrings.bundle/en.lproj/Localizable.strings ... 
2025-10-21 5:30:16 PM +0000  64 bytes for ./RCTI18nStrings.bundle/en.lproj/Localizable.strings
2025-10-21 5:30:16 PM +0000  copying file ./RCTI18nStrings.bundle/zh-Hant-HK.lproj/Localizable.strings ... 
2025-10-21 5:30:16 PM +0000  64 bytes for ./RCTI18nStrings.bundle/zh-Hant-HK.lproj/Localizable.strings
2025-10-21 5:30:16 PM +0000  copying file ./RCTI18nStrings.bundle/zh-Hant-HK.lproj/fbt_language_pack.bin ... 
2025-10-21 5:30:16 PM +0000  1296 bytes for ./RCTI18nStrings.bundle/zh-Hant-HK.lproj/fbt_language_pack.bin
2025-10-21 5:30:16 PM +0000  copying file ./RCTI18nStrings.bundle/uk.lproj/Localizable.strings ... 
2025-10-21 5:30:16 PM +0000  64 bytes for ./RCTI18nStrings.bundle/uk.lproj/Localizable.strings
2025-10-21 5:30:16 PM +0000  copying file ./RCTI18nStrings.bundle/uk.lproj/fbt_language_pack.bin ... 
2025-10-21 5:30:16 PM +0000  1564 bytes for ./RCTI18nStrings.bundle/uk.lproj/fbt_language_pack.bin
2025-10-21 5:30:16 PM +0000  copying file ./RCTI18nStrings.bundle/nb.lproj/Localizable.strings ... 
2025-10-21 5:30:16 PM +0000  64 bytes for ./RCTI18nStrings.bundle/nb.lproj/Localizable.strings
2025-10-21 5:30:16 PM +0000  copying file ./RCTI18nStrings.bundle/nb.lproj/fbt_language_pack.bin ... 
2025-10-21 5:30:16 PM +0000  1296 bytes for ./RCTI18nStrings.bundle/nb.lproj/fbt_language_pack.bin
2025-10-21 5:30:16 PM +0000  copying file ./RCTI18nStrings.bundle/en-GB.lproj/Localizable.strings ... 
2025-10-21 5:30:16 PM +0000  64 bytes for ./RCTI18nStrings.bundle/en-GB.lproj/Localizable.strings
2025-10-21 5:30:16 PM +0000  copying file ./RCTI18nStrings.bundle/en-GB.lproj/fbt_language_pack.bin ... 
2025-10-21 5:30:16 PM +0000  1268 bytes for ./RCTI18nStrings.bundle/en-GB.lproj/fbt_language_pack.bin
2025-10-21 5:30:16 PM +0000  copying file ./RCTI18nStrings.bundle/es.lproj/Localizable.strings ... 
2025-10-21 5:30:16 PM +0000  64 bytes for ./RCTI18nStrings.bundle/es.lproj/Localizable.strings
2025-10-21 5:30:16 PM +0000  copying file ./RCTI18nStrings.bundle/es.lproj/fbt_language_pack.bin ... 
2025-10-21 5:30:16 PM +0000  1364 bytes for ./RCTI18nStrings.bundle/es.lproj/fbt_language_pack.bin
2025-10-21 5:30:16 PM +0000  copying file ./RCTI18nStrings.bundle/da.lproj/Localizable.strings ... 
2025-10-21 5:30:16 PM +0000  64 bytes for ./RCTI18nStrings.bundle/da.lproj/Localizable.strings
2025-10-21 5:30:16 PM +0000  copying file ./RCTI18nStrings.bundle/da.lproj/fbt_language_pack.bin ... 
2025-10-21 5:30:16 PM +0000  1300 bytes for ./RCTI18nStrings.bundle/da.lproj/fbt_language_pack.bin
2025-10-21 5:30:16 PM +0000  copying file ./RCTI18nStrings.bundle/it.lproj/Localizable.strings ... 
2025-10-21 5:30:16 PM +0000  64 bytes for ./RCTI18nStrings.bundle/it.lproj/Localizable.strings
2025-10-21 5:30:16 PM +0000  copying file ./RCTI18nStrings.bundle/it.lproj/fbt_language_pack.bin ... 
2025-10-21 5:30:16 PM +0000  1388 bytes for ./RCTI18nStrings.bundle/it.lproj/fbt_language_pack.bin
2025-10-21 5:30:16 PM +0000  copying file ./RCTI18nStrings.bundle/sk.lproj/Localizable.strings ... 
2025-10-21 5:30:16 PM +0000  64 bytes for ./RCTI18nStrings.bundle/sk.lproj/Localizable.strings
2025-10-21 5:30:16 PM +0000  copying file ./RCTI18nStrings.bundle/sk.lproj/fbt_language_pack.bin ... 
2025-10-21 5:30:16 PM +0000  1356 bytes for ./RCTI18nStrings.bundle/sk.lproj/fbt_language_pack.bin
2025-10-21 5:30:16 PM +0000  copying file ./RCTI18nStrings.bundle/es-ES.lproj/Localizable.strings ... 
2025-10-21 5:30:16 PM +0000  64 bytes for ./RCTI18nStrings.bundle/es-ES.lproj/Localizable.strings
2025-10-21 5:30:16 PM +0000  copying file ./RCTI18nStrings.bundle/es-ES.lproj/fbt_language_pack.bin ... 
2025-10-21 5:30:16 PM +0000  1368 bytes for ./RCTI18nStrings.bundle/es-ES.lproj/fbt_language_pack.bin
2025-10-21 5:30:16 PM +0000  copying file ./RCTI18nStrings.bundle/ms.lproj/Localizable.strings ... 
2025-10-21 5:30:16 PM +0000  64 bytes for ./RCTI18nStrings.bundle/ms.lproj/Localizable.strings
2025-10-21 5:30:16 PM +0000  copying file ./RCTI18nStrings.bundle/ms.lproj/fbt_language_pack.bin ... 
2025-10-21 5:30:16 PM +0000  1292 bytes for ./RCTI18nStrings.bundle/ms.lproj/fbt_language_pack.bin
2025-10-21 5:30:16 PM +0000  copying file ./RCTI18nStrings.bundle/sv.lproj/Localizable.strings ... 
2025-10-21 5:30:16 PM +0000  64 bytes for ./RCTI18nStrings.bundle/sv.lproj/Localizable.strings
2025-10-21 5:30:16 PM +0000  copying file ./RCTI18nStrings.bundle/sv.lproj/fbt_language_pack.bin ... 
2025-10-21 5:30:16 PM +0000  1300 bytes for ./RCTI18nStrings.bundle/sv.lproj/fbt_language_pack.bin
2025-10-21 5:30:16 PM +0000  copying file ./RCTI18nStrings.bundle/cs.lproj/Localizable.strings ... 
2025-10-21 5:30:16 PM +0000  64 bytes for ./RCTI18nStrings.bundle/cs.lproj/Localizable.strings
2025-10-21 5:30:16 PM +0000  copying file ./RCTI18nStrings.bundle/cs.lproj/fbt_language_pack.bin ... 
2025-10-21 5:30:16 PM +0000  1368 bytes for ./RCTI18nStrings.bundle/cs.lproj/fbt_language_pack.bin
2025-10-21 5:30:16 PM +0000  copying file ./RCTI18nStrings.bundle/ko.lproj/Localizable.strings ... 
2025-10-21 5:30:16 PM +0000  64 bytes for ./RCTI18nStrings.bundle/ko.lproj/Localizable.strings
2025-10-21 5:30:16 PM +0000  copying file ./RCTI18nStrings.bundle/ko.lproj/fbt_language_pack.bin ... 
2025-10-21 5:30:16 PM +0000  1332 bytes for ./RCTI18nStrings.bundle/ko.lproj/fbt_language_pack.bin
2025-10-21 5:30:16 PM +0000  copying file ./RCTI18nStrings.bundle/zh-Hant.lproj/Localizable.strings ... 
2025-10-21 5:30:16 PM +0000  64 bytes for ./RCTI18nStrings.bundle/zh-Hant.lproj/Localizable.strings
2025-10-21 5:30:16 PM +0000  copying file ./RCTI18nStrings.bundle/zh-Hant.lproj/fbt_language_pack.bin ... 
2025-10-21 5:30:16 PM +0000  1308 bytes for ./RCTI18nStrings.bundle/zh-Hant.lproj/fbt_language_pack.bin
2025-10-21 5:30:16 PM +0000  copying file ./RCTI18nStrings.bundle/hu.lproj/Localizable.strings ... 
2025-10-21 5:30:16 PM +0000  64 bytes for ./RCTI18nStrings.bundle/hu.lproj/Localizable.strings
2025-10-21 5:30:16 PM +0000  copying file ./RCTI18nStrings.bundle/hu.lproj/fbt_language_pack.bin ... 
2025-10-21 5:30:16 PM +0000  1348 bytes for ./RCTI18nStrings.bundle/hu.lproj/fbt_language_pack.bin
2025-10-21 5:30:16 PM +0000  copying file ./RCTI18nStrings.bundle/tr.lproj/Localizable.strings ... 
2025-10-21 5:30:16 PM +0000  64 bytes for ./RCTI18nStrings.bundle/tr.lproj/Localizable.strings
2025-10-21 5:30:16 PM +0000  copying file ./RCTI18nStrings.bundle/tr.lproj/fbt_language_pack.bin ... 
2025-10-21 5:30:16 PM +0000  1360 bytes for ./RCTI18nStrings.bundle/tr.lproj/fbt_language_pack.bin
2025-10-21 5:30:16 PM +0000  copying file ./RCTI18nStrings.bundle/pl.lproj/Localizable.strings ... 
2025-10-21 5:30:16 PM +0000  64 bytes for ./RCTI18nStrings.bundle/pl.lproj/Localizable.strings
2025-10-21 5:30:16 PM +0000  copying file ./RCTI18nStrings.bundle/pl.lproj/fbt_language_pack.bin ... 
2025-10-21 5:30:16 PM +0000  1340 bytes for ./RCTI18nStrings.bundle/pl.lproj/fbt_language_pack.bin
2025-10-21 5:30:16 PM +0000  copying file ./RCTI18nStrings.bundle/vi.lproj/Localizable.strings ... 
2025-10-21 5:30:16 PM +0000  64 bytes for ./RCTI18nStrings.bundle/vi.lproj/Localizable.strings
2025-10-21 5:30:16 PM +0000  copying file ./RCTI18nStrings.bundle/vi.lproj/fbt_language_pack.bin ... 
2025-10-21 5:30:16 PM +0000  1352 bytes for ./RCTI18nStrings.bundle/vi.lproj/fbt_language_pack.bin
2025-10-21 5:30:16 PM +0000  copying file ./RCTI18nStrings.bundle/ru.lproj/Localizable.strings ... 
2025-10-21 5:30:16 PM +0000  64 bytes for ./RCTI18nStrings.bundle/ru.lproj/Localizable.strings
2025-10-21 5:30:16 PM +0000  copying file ./RCTI18nStrings.bundle/ru.lproj/fbt_language_pack.bin ... 
2025-10-21 5:30:16 PM +0000  1576 bytes for ./RCTI18nStrings.bundle/ru.lproj/fbt_language_pack.bin
2025-10-21 5:30:16 PM +0000  copying file ./RCTI18nStrings.bundle/fr.lproj/Localizable.strings ... 
2025-10-21 5:30:16 PM +0000  64 bytes for ./RCTI18nStrings.bundle/fr.lproj/Localizable.strings
2025-10-21 5:30:16 PM +0000  copying file ./RCTI18nStrings.bundle/fr.lproj/fbt_language_pack.bin ... 
2025-10-21 5:30:16 PM +0000  1360 bytes for ./RCTI18nStrings.bundle/fr.lproj/fbt_language_pack.bin
2025-10-21 5:30:16 PM +0000  copying file ./RCTI18nStrings.bundle/fi.lproj/Localizable.strings ... 
2025-10-21 5:30:16 PM +0000  64 bytes for ./RCTI18nStrings.bundle/fi.lproj/Localizable.strings
2025-10-21 5:30:16 PM +0000  copying file ./RCTI18nStrings.bundle/fi.lproj/fbt_language_pack.bin ... 
2025-10-21 5:30:16 PM +0000  1340 bytes for ./RCTI18nStrings.bundle/fi.lproj/fbt_language_pack.bin
2025-10-21 5:30:16 PM +0000  copying file ./RCTI18nStrings.bundle/id.lproj/Localizable.strings ... 
2025-10-21 5:30:16 PM +0000  64 bytes for ./RCTI18nStrings.bundle/id.lproj/Localizable.strings
2025-10-21 5:30:16 PM +0000  copying file ./RCTI18nStrings.bundle/id.lproj/fbt_language_pack.bin ... 
2025-10-21 5:30:16 PM +0000  1300 bytes for ./RCTI18nStrings.bundle/id.lproj/fbt_language_pack.bin
2025-10-21 5:30:16 PM +0000  copying file ./RCTI18nStrings.bundle/nl.lproj/Localizable.strings ... 
2025-10-21 5:30:16 PM +0000  64 bytes for ./RCTI18nStrings.bundle/nl.lproj/Localizable.strings
2025-10-21 5:30:16 PM +0000  copying file ./RCTI18nStrings.bundle/nl.lproj/fbt_language_pack.bin ... 
2025-10-21 5:30:16 PM +0000  1324 bytes for ./RCTI18nStrings.bundle/nl.lproj/fbt_language_pack.bin
2025-10-21 5:30:16 PM +0000  copying file ./RCTI18nStrings.bundle/th.lproj/Localizable.strings ... 
2025-10-21 5:30:16 PM +0000  64 bytes for ./RCTI18nStrings.bundle/th.lproj/Localizable.strings
2025-10-21 5:30:16 PM +0000  copying file ./RCTI18nStrings.bundle/th.lproj/fbt_language_pack.bin ... 
2025-10-21 5:30:16 PM +0000  1784 bytes for ./RCTI18nStrings.bundle/th.lproj/fbt_language_pack.bin
2025-10-21 5:30:16 PM +0000  copying file ./RCTI18nStrings.bundle/pt.lproj/Localizable.strings ... 
2025-10-21 5:30:16 PM +0000  64 bytes for ./RCTI18nStrings.bundle/pt.lproj/Localizable.strings
2025-10-21 5:30:16 PM +0000  copying file ./RCTI18nStrings.bundle/pt.lproj/fbt_language_pack.bin ... 
2025-10-21 5:30:16 PM +0000  1356 bytes for ./RCTI18nStrings.bundle/pt.lproj/fbt_language_pack.bin
2025-10-21 5:30:16 PM +0000  copying file ./RCTI18nStrings.bundle/zu.lproj/Localizable.strings ... 
2025-10-21 5:30:16 PM +0000  64 bytes for ./RCTI18nStrings.bundle/zu.lproj/Localizable.strings
2025-10-21 5:30:16 PM +0000  copying file ./RCTI18nStrings.bundle/zu.lproj/fbt_language_pack.bin ... 
2025-10-21 5:30:16 PM +0000  2076 bytes for ./RCTI18nStrings.bundle/zu.lproj/fbt_language_pack.bin
2025-10-21 5:30:16 PM +0000  copying file ./RCTI18nStrings.bundle/pt-PT.lproj/Localizable.strings ... 
2025-10-21 5:30:16 PM +0000  64 bytes for ./RCTI18nStrings.bundle/pt-PT.lproj/Localizable.strings
2025-10-21 5:30:16 PM +0000  copying file ./RCTI18nStrings.bundle/pt-PT.lproj/fbt_language_pack.bin ... 
2025-10-21 5:30:16 PM +0000  1372 bytes for ./RCTI18nStrings.bundle/pt-PT.lproj/fbt_language_pack.bin
2025-10-21 5:30:16 PM +0000  copying file ./RCTI18nStrings.bundle/ro.lproj/Localizable.strings ... 
2025-10-21 5:30:16 PM +0000  64 bytes for ./RCTI18nStrings.bundle/ro.lproj/Localizable.strings
2025-10-21 5:30:16 PM +0000  copying file ./RCTI18nStrings.bundle/ro.lproj/fbt_language_pack.bin ... 
2025-10-21 5:30:16 PM +0000  1344 bytes for ./RCTI18nStrings.bundle/ro.lproj/fbt_language_pack.bin
2025-10-21 5:30:16 PM +0000  copying file ./RCTI18nStrings.bundle/Info.plist ... 
2025-10-21 5:30:16 PM +0000  775 bytes for ./RCTI18nStrings.bundle/Info.plist
2025-10-21 5:30:16 PM +0000  copying file ./RCTI18nStrings.bundle/hr.lproj/Localizable.strings ... 
2025-10-21 5:30:16 PM +0000  64 bytes for ./RCTI18nStrings.bundle/hr.lproj/Localizable.strings
2025-10-21 5:30:16 PM +0000  copying file ./RCTI18nStrings.bundle/hr.lproj/fbt_language_pack.bin ... 
2025-10-21 5:30:16 PM +0000  1352 bytes for ./RCTI18nStrings.bundle/hr.lproj/fbt_language_pack.bin
2025-10-21 5:30:16 PM +0000  copying file ./RCTI18nStrings.bundle/hi.lproj/Localizable.strings ... 
2025-10-21 5:30:16 PM +0000  64 bytes for ./RCTI18nStrings.bundle/hi.lproj/Localizable.strings
2025-10-21 5:30:16 PM +0000  copying file ./RCTI18nStrings.bundle/hi.lproj/fbt_language_pack.bin ... 
2025-10-21 5:30:16 PM +0000  1640 bytes for ./RCTI18nStrings.bundle/hi.lproj/fbt_language_pack.bin
2025-10-21 5:30:16 PM +0000  copying file ./PrivacyInfo.xcprivacy ... 
2025-10-21 5:30:16 PM +0000  1255 bytes for ./PrivacyInfo.xcprivacy
2025-10-21 5:30:16 PM +0000  copying file ./LaunchScreen.storyboardc/01J-lp-oVM-view-Ze5-6b-2t3.nib ... 
2025-10-21 5:30:16 PM +0000  1225 bytes for ./LaunchScreen.storyboardc/01J-lp-oVM-view-Ze5-6b-2t3.nib
2025-10-21 5:30:16 PM +0000  copying file ./LaunchScreen.storyboardc/UIViewController-01J-lp-oVM.nib ... 
2025-10-21 5:30:16 PM +0000  924 bytes for ./LaunchScreen.storyboardc/UIViewController-01J-lp-oVM.nib
2025-10-21 5:30:16 PM +0000  copying file ./LaunchScreen.storyboardc/Info.plist ... 
2025-10-21 5:30:16 PM +0000  258 bytes for ./LaunchScreen.storyboardc/Info.plist
2025-10-21 5:30:16 PM +0000  copying file ./RNSVGFilters.bundle/RNSVGArithmeticFilter.iphoneos.metallib ... 
2025-10-21 5:30:16 PM +0000  3993 bytes for ./RNSVGFilters.bundle/RNSVGArithmeticFilter.iphoneos.metallib
2025-10-21 5:30:16 PM +0000  copying file ./RNSVGFilters.bundle/RNSVGCompositeXor.iphoneos.metallib ... 
2025-10-21 5:30:16 PM +0000  3509 bytes for ./RNSVGFilters.bundle/RNSVGCompositeXor.iphoneos.metallib
2025-10-21 5:30:16 PM +0000  copying file ./RNSVGFilters.bundle/Info.plist ... 
2025-10-21 5:30:16 PM +0000  772 bytes for ./RNSVGFilters.bundle/Info.plist
2025-10-21 5:30:16 PM +0000  copying file ./Frameworks/hermes.framework/_CodeSignature/CodeResources ... 
2025-10-21 5:30:16 PM +0000  1798 bytes for ./Frameworks/hermes.framework/_CodeSignature/CodeResources
2025-10-21 5:30:16 PM +0000  copying file ./Frameworks/hermes.framework/hermes ... 
2025-10-21 5:30:16 PM +0000  4419216 bytes for ./Frameworks/hermes.framework/hermes
2025-10-21 5:30:16 PM +0000  copying file ./Frameworks/hermes.framework/Info.plist ... 
2025-10-21 5:30:16 PM +0000  859 bytes for ./Frameworks/hermes.framework/Info.plist
2025-10-21 5:30:16 PM +0000  copying file ./embedded.mobileprovision ... 
2025-10-21 5:30:16 PM +0000  14669 bytes for ./embedded.mobileprovision
2025-10-21 5:30:16 PM +0000  copying file ./assets/node_modules/@react-navigation/elements/src/assets/back-icon@3x.png ... 
2025-10-21 5:30:16 PM +0000  761 bytes for ./assets/node_modules/@react-navigation/elements/src/assets/back-icon@3x.png
2025-10-21 5:30:16 PM +0000  copying file ./assets/node_modules/@react-navigation/elements/src/assets/back-icon@2x.png ... 
2025-10-21 5:30:16 PM +0000  405 bytes for ./assets/node_modules/@react-navigation/elements/src/assets/back-icon@2x.png
2025-10-21 5:30:16 PM +0000  copying file ./assets/node_modules/@react-navigation/elements/src/assets/back-icon.png ... 
2025-10-21 5:30:16 PM +0000  290 bytes for ./assets/node_modules/@react-navigation/elements/src/assets/back-icon.png
2025-10-21 5:30:16 PM +0000  copying file ./assets/node_modules/@react-navigation/elements/src/assets/back-icon-mask.png ... 
2025-10-21 5:30:16 PM +0000  913 bytes for ./assets/node_modules/@react-navigation/elements/src/assets/back-icon-mask.png
2025-10-21 5:30:16 PM +0000  copying file ./assets/node_modules/react-native-dropdown-picker/src/themes/light/icons/tick.png ... 
2025-10-21 5:30:16 PM +0000  1214 bytes for ./assets/node_modules/react-native-dropdown-picker/src/themes/light/icons/tick.png
2025-10-21 5:30:16 PM +0000  copying file ./assets/node_modules/react-native-dropdown-picker/src/themes/light/icons/arrow-down.png ... 
2025-10-21 5:30:16 PM +0000  522 bytes for ./assets/node_modules/react-native-dropdown-picker/src/themes/light/icons/arrow-down.png
2025-10-21 5:30:16 PM +0000  copying file ./assets/node_modules/react-native-dropdown-picker/src/themes/light/icons/arrow-up.png ... 
2025-10-21 5:30:16 PM +0000  807 bytes for ./assets/node_modules/react-native-dropdown-picker/src/themes/light/icons/arrow-up.png
2025-10-21 5:30:16 PM +0000  copying file ./assets/node_modules/react-native-dropdown-picker/src/themes/light/icons/close.png ... 
2025-10-21 5:30:16 PM +0000  338 bytes for ./assets/node_modules/react-native-dropdown-picker/src/themes/light/icons/close.png
2025-10-21 5:30:16 PM +0000  copying file ./assets/node_modules/react-native-dropdown-picker/src/themes/dark/icons/tick.png ... 
2025-10-21 5:30:16 PM +0000  15772 bytes for ./assets/node_modules/react-native-dropdown-picker/src/themes/dark/icons/tick.png
2025-10-21 5:30:16 PM +0000  copying file ./assets/node_modules/react-native-dropdown-picker/src/themes/dark/icons/arrow-down.png ... 
2025-10-21 5:30:16 PM +0000  15367 bytes for ./assets/node_modules/react-native-dropdown-picker/src/themes/dark/icons/arrow-down.png
2025-10-21 5:30:16 PM +0000  copying file ./assets/node_modules/react-native-dropdown-picker/src/themes/dark/icons/arrow-up.png ... 
2025-10-21 5:30:16 PM +0000  15500 bytes for ./assets/node_modules/react-native-dropdown-picker/src/themes/dark/icons/arrow-up.png
2025-10-21 5:30:16 PM +0000  copying file ./assets/node_modules/react-native-dropdown-picker/src/themes/dark/icons/close.png ... 
2025-10-21 5:30:16 PM +0000  15449 bytes for ./assets/node_modules/react-native-dropdown-picker/src/themes/dark/icons/close.png
2025-10-21 5:30:16 PM +0000  copying file ./assets/src/Assets/KYC_Completed_light.png ... 
2025-10-21 5:30:16 PM +0000  180414 bytes for ./assets/src/Assets/KYC_Completed_light.png
2025-10-21 5:30:16 PM +0000  copying file ./assets/src/Assets/face_verification.png ... 
2025-10-21 5:30:16 PM +0000  930243 bytes for ./assets/src/Assets/face_verification.png
2025-10-21 5:30:16 PM +0000  copying file ./assets/src/Assets/KYC_Completed.png ... 
2025-10-21 5:30:16 PM +0000  208600 bytes for ./assets/src/Assets/KYC_Completed.png
2025-10-21 5:30:16 PM +0000  copying file ./assets/src/Assets/selected.png ... 
2025-10-21 5:30:16 PM +0000  3288 bytes for ./assets/src/Assets/selected.png
2025-10-21 5:30:16 PM +0000  copying file ./assets/src/Assets/doc_verification.png ... 
2025-10-21 5:30:16 PM +0000  909096 bytes for ./assets/src/Assets/doc_verification.png
2025-10-21 5:30:16 PM +0000  copying file ./assets/src/Assets/gemini_email.png ... 
2025-10-21 5:30:16 PM +0000  887006 bytes for ./assets/src/Assets/gemini_email.png
2025-10-21 5:30:16 PM +0000  copying file ./Info.plist ... 
2025-10-21 5:30:16 PM +0000  2075 bytes for ./Info.plist
2025-10-21 5:30:16 PM +0000  copying file ./RNCAsyncStorage_resources.bundle/PrivacyInfo.xcprivacy ... 
2025-10-21 5:30:16 PM +0000  512 bytes for ./RNCAsyncStorage_resources.bundle/PrivacyInfo.xcprivacy
2025-10-21 5:30:16 PM +0000  copying file ./RNCAsyncStorage_resources.bundle/Info.plist ... 
2025-10-21 5:30:16 PM +0000  799 bytes for ./RNCAsyncStorage_resources.bundle/Info.plist
2025-10-21 5:30:16 PM +0000  copying file ./PkgInfo ... 
2025-10-21 5:30:16 PM +0000  8 bytes for ./PkgInfo
2025-10-21 5:30:16 PM +0000  copying file ./VerryApp ... 
2025-10-21 5:30:16 PM +0000  5590928 bytes for ./VerryApp
2025-10-21 5:30:16 PM +0000  /usr/bin/ditto exited with 0
2025-10-21 5:30:16 PM +0000  Processing step: IDEDistributionEmbedProfileStep
2025-10-21 5:30:16 PM +0000  Skipping profile for item: <IDEDistributionItem: 0x773e4c9c0; bundleID='dev.hermesengine.iphoneos', path='<DVTFilePath:0x79e967c60:'/Users/ashfauck/Library/Developer/Xcode/Archives/2025-10-21/VerryAppDevelopment 21-10-25, 10.41 PM.xcarchive/Products/Applications/VerryApp.app/Frameworks/hermes.framework'>', codeSigningInfo='<_DVTCodeSigningInformation_Path: 0x773e4e040; isSigned='1', isAdHocSigned='0', signingCertificate='<DVTSigningCertificate: 0x7a0dce100; name='Apple Development: Dinesh Mishra (H22T9Y4P2X)', hash='81F998950BB5CCD9AFCACD48991929DA05336004', serialNumber='6C39E2AA88A62B45165473557C830D1E', certificateKinds='(
    "1.2.840.113635.100.6.1.12",
    "1.2.840.113635.100.6.1.2"
), issueDate='2025-10-03 6:11:06 PM +0000''>', entitlements='(null)', teamID='244FRME228', identifier='dev.hermesengine.iphoneos', executablePath='<DVTFilePath:0x774141080:'/Users/ashfauck/Library/Developer/Xcode/Archives/2025-10-21/VerryAppDevelopment 21-10-25, 10.41 PM.xcarchive/Products/Applications/VerryApp.app/Frameworks/hermes.framework/hermes'>', hardenedRuntime='0'>'>
2025-10-21 5:30:16 PM +0000  Processing step: IDEDistributionInfoPlistStep
2025-10-21 5:30:16 PM +0000  Skipping step: IDEDistributionInfoPlistStep because it said so
2025-10-21 5:30:16 PM +0000  Skipping step: IDEDistributionInfoPlistStep because it said so
2025-10-21 5:30:16 PM +0000  Processing step: IDEDistributionAppThinningPlistStep
2025-10-21 5:30:16 PM +0000  Skipping step: IDEDistributionAppThinningPlistStep because it said so
2025-10-21 5:30:16 PM +0000  Processing step: IDEDistributionSymbolsStep
2025-10-21 5:30:16 PM +0000  Skipping step: IDEDistributionSymbolsStep because it said so
2025-10-21 5:30:16 PM +0000  Processing step: IDEDistributionAppThinningStep
2025-10-21 5:30:16 PM +0000  Skipping step: IDEDistributionAppThinningStep because it said so
2025-10-21 5:30:16 PM +0000  Processing step: IDEDistributionArchThinningStep
2025-10-21 5:30:16 PM +0000  Archs to thin for item /Users/ashfauck/Library/Developer/Xcode/Archives/2025-10-21/VerryAppDevelopment 21-10-25, 10.41 PM.xcarchive/Products/Applications/VerryApp.app/Frameworks/hermes.framework are []
2025-10-21 5:30:16 PM +0000  Archs to thin for item /Users/ashfauck/Library/Developer/Xcode/Archives/2025-10-21/VerryAppDevelopment 21-10-25, 10.41 PM.xcarchive/Products/Applications/VerryApp.app are []
2025-10-21 5:30:16 PM +0000  Processing step: IDEDistributionODRStep
2025-10-21 5:30:16 PM +0000  Processing step: IDEDistributionStripXattrsStep
2025-10-21 5:30:16 PM +0000  Skipping stripping extended attributes because the codesign step will strip them.
2025-10-21 5:30:16 PM +0000  Skipping stripping extended attributes because the codesign step will strip them.
2025-10-21 5:30:16 PM +0000  Processing step: IDEDistributionCodesignStep
2025-10-21 5:30:16 PM +0000  Entitlements for <IDEDistributionItem: 0x773e4c9c0; bundleID='dev.hermesengine.iphoneos', path='<DVTFilePath:0x79e967c60:'/Users/ashfauck/Library/Developer/Xcode/Archives/2025-10-21/VerryAppDevelopment 21-10-25, 10.41 PM.xcarchive/Products/Applications/VerryApp.app/Frameworks/hermes.framework'>', codeSigningInfo='<_DVTCodeSigningInformation_Path: 0x773e4e040; isSigned='1', isAdHocSigned='0', signingCertificate='<DVTSigningCertificate: 0x7a0dce100; name='Apple Development: Dinesh Mishra (H22T9Y4P2X)', hash='81F998950BB5CCD9AFCACD48991929DA05336004', serialNumber='6C39E2AA88A62B45165473557C830D1E', certificateKinds='(
    "1.2.840.113635.100.6.1.12",
    "1.2.840.113635.100.6.1.2"
), issueDate='2025-10-03 6:11:06 PM +0000''>', entitlements='(null)', teamID='244FRME228', identifier='dev.hermesengine.iphoneos', executablePath='<DVTFilePath:0x774141080:'/Users/ashfauck/Library/Developer/Xcode/Archives/2025-10-21/VerryAppDevelopment 21-10-25, 10.41 PM.xcarchive/Products/Applications/VerryApp.app/Frameworks/hermes.framework/hermes'>', hardenedRuntime='0'>'>: {
}
2025-10-21 5:30:16 PM +0000  Associated App Clip Identifiers Filter: Skipping because "com.apple.developer.associated-appclip-app-identifiers" is not present
2025-10-21 5:30:16 PM +0000  Entitlements for <IDEDistributionItem: 0x773e4c9c0; bundleID='dev.hermesengine.iphoneos', path='<DVTFilePath:0x79e967c60:'/Users/ashfauck/Library/Developer/Xcode/Archives/2025-10-21/VerryAppDevelopment 21-10-25, 10.41 PM.xcarchive/Products/Applications/VerryApp.app/Frameworks/hermes.framework'>', codeSigningInfo='<_DVTCodeSigningInformation_Path: 0x773e4e040; isSigned='1', isAdHocSigned='0', signingCertificate='<DVTSigningCertificate: 0x7a0dcf900; name='Apple Development: Dinesh Mishra (H22T9Y4P2X)', hash='81F998950BB5CCD9AFCACD48991929DA05336004', serialNumber='6C39E2AA88A62B45165473557C830D1E', certificateKinds='(
    "1.2.840.113635.100.6.1.12",
    "1.2.840.113635.100.6.1.2"
), issueDate='2025-10-03 6:11:06 PM +0000''>', entitlements='(null)', teamID='244FRME228', identifier='dev.hermesengine.iphoneos', executablePath='<DVTFilePath:0x774141080:'/Users/ashfauck/Library/Developer/Xcode/Archives/2025-10-21/VerryAppDevelopment 21-10-25, 10.41 PM.xcarchive/Products/Applications/VerryApp.app/Frameworks/hermes.framework/hermes'>', hardenedRuntime='0'>'> are: {
}
2025-10-21 5:30:16 PM +0000  Writing entitlements for <IDEDistributionItem: 0x773e4c9c0; bundleID='dev.hermesengine.iphoneos', path='<DVTFilePath:0x79e967c60:'/Users/ashfauck/Library/Developer/Xcode/Archives/2025-10-21/VerryAppDevelopment 21-10-25, 10.41 PM.xcarchive/Products/Applications/VerryApp.app/Frameworks/hermes.framework'>', codeSigningInfo='<_DVTCodeSigningInformation_Path: 0x773e4e040; isSigned='1', isAdHocSigned='0', signingCertificate='<DVTSigningCertificate: 0x7a0dcf900; name='Apple Development: Dinesh Mishra (H22T9Y4P2X)', hash='81F998950BB5CCD9AFCACD48991929DA05336004', serialNumber='6C39E2AA88A62B45165473557C830D1E', certificateKinds='(
    "1.2.840.113635.100.6.1.12",
    "1.2.840.113635.100.6.1.2"
), issueDate='2025-10-03 6:11:06 PM +0000''>', entitlements='(null)', teamID='244FRME228', identifier='dev.hermesengine.iphoneos', executablePath='<DVTFilePath:0x774141080:'/Users/ashfauck/Library/Developer/Xcode/Archives/2025-10-21/VerryAppDevelopment 21-10-25, 10.41 PM.xcarchive/Products/Applications/VerryApp.app/Frameworks/hermes.framework/hermes'>', hardenedRuntime='0'>'> to: /var/folders/x6/k7491wjd4jqbl_d65p24cj_m0000gn/T/XcodeDistPipeline.~~~cPnI0s/entitlements~~~Cb8id6
2025-10-21 5:30:16 PM +0000  invoking codesign: <NSConcreteTask: 0x774174820; launchPath='/usr/bin/codesign', arguments='(
    "-f",
    "-s",
    81F998950BB5CCD9AFCACD48991929DA05336004,
    "--entitlements",
    "/var/folders/x6/k7491wjd4jqbl_d65p24cj_m0000gn/T/XcodeDistPipeline.~~~cPnI0s/entitlements~~~Cb8id6",
    "--preserve-metadata=identifier,flags,runtime,launch-constraints,library-constraints",
    "--generate-entitlement-der",
    "--strip-disallowed-xattrs",
    "-vvv",
    "/var/folders/x6/k7491wjd4jqbl_d65p24cj_m0000gn/T/XcodeDistPipeline.~~~cPnI0s/Root/Payload/VerryApp.app/Frameworks/hermes.framework"
)'>
2025-10-21 5:30:16 PM +0000  codesign output: /var/folders/x6/k7491wjd4jqbl_d65p24cj_m0000gn/T/XcodeDistPipeline.~~~cPnI0s/Root/Payload/VerryApp.app/Frameworks/hermes.framework: replacing existing signature
/var/folders/x6/k7491wjd4jqbl_d65p24cj_m0000gn/T/XcodeDistPipeline.~~~cPnI0s/Root/Payload/VerryApp.app/Frameworks/hermes.framework: signed bundle with Mach-O thin (arm64) [dev.hermesengine.iphoneos]
2025-10-21 5:30:16 PM +0000  Entitlements for <IDEDistributionItem: 0x773e4e580; bundleID='dev.appnoize.verry.ai', path='<DVTFilePath:0x773c2eb80:'/Users/ashfauck/Library/Developer/Xcode/Archives/2025-10-21/VerryAppDevelopment 21-10-25, 10.41 PM.xcarchive/Products/Applications/VerryApp.app'>', codeSigningInfo='<_DVTCodeSigningInformation_Path: 0x773e4e4c0; isSigned='1', isAdHocSigned='0', signingCertificate='<DVTSigningCertificate: 0x7a0dce100; name='Apple Development: Dinesh Mishra (H22T9Y4P2X)', hash='81F998950BB5CCD9AFCACD48991929DA05336004', serialNumber='6C39E2AA88A62B45165473557C830D1E', certificateKinds='(
    "1.2.840.113635.100.6.1.12",
    "1.2.840.113635.100.6.1.2"
), issueDate='2025-10-03 6:11:06 PM +0000''>', entitlements='{
    "application-identifier" = "244FRME228.dev.appnoize.verry.ai";
    "com.apple.developer.associated-domains" =     (
        "applinks:dev.verry.ai",
        "applinks:54n8hcsj-3000.inc1.devtunnels.ms",
        "applinks:localhost:3000",
        "applinks:127.0.0.1:3000",
        "applinks:192.168.68.58:3000",
        "applinks:verry.ai"
    );
    "com.apple.developer.team-identifier" = 244FRME228;
    "get-task-allow" = 1;
}', teamID='244FRME228', identifier='dev.appnoize.verry.ai', executablePath='<DVTFilePath:0x773c3e940:'/Users/ashfauck/Library/Developer/Xcode/Archives/2025-10-21/VerryAppDevelopment 21-10-25, 10.41 PM.xcarchive/Products/Applications/VerryApp.app/VerryApp'>', hardenedRuntime='0'>'>: {
    "application-identifier" = "244FRME228.dev.appnoize.verry.ai";
    "com.apple.developer.associated-domains" =     (
        "applinks:dev.verry.ai",
        "applinks:54n8hcsj-3000.inc1.devtunnels.ms",
        "applinks:localhost:3000",
        "applinks:127.0.0.1:3000",
        "applinks:192.168.68.58:3000",
        "applinks:verry.ai"
    );
    "com.apple.developer.team-identifier" = 244FRME228;
    "get-task-allow" = 1;
}
2025-10-21 5:30:16 PM +0000  Associated App Clip Identifiers Filter: Skipping because "com.apple.developer.associated-appclip-app-identifiers" is not present
2025-10-21 5:30:16 PM +0000  Entitlements for <IDEDistributionItem: 0x773e4e580; bundleID='dev.appnoize.verry.ai', path='<DVTFilePath:0x773c2eb80:'/Users/ashfauck/Library/Developer/Xcode/Archives/2025-10-21/VerryAppDevelopment 21-10-25, 10.41 PM.xcarchive/Products/Applications/VerryApp.app'>', codeSigningInfo='<_DVTCodeSigningInformation_Path: 0x773e4e4c0; isSigned='1', isAdHocSigned='0', signingCertificate='<DVTSigningCertificate: 0x7a0dcf900; name='Apple Development: Dinesh Mishra (H22T9Y4P2X)', hash='81F998950BB5CCD9AFCACD48991929DA05336004', serialNumber='6C39E2AA88A62B45165473557C830D1E', certificateKinds='(
    "1.2.840.113635.100.6.1.12",
    "1.2.840.113635.100.6.1.2"
), issueDate='2025-10-03 6:11:06 PM +0000''>', entitlements='{
    "application-identifier" = "244FRME228.dev.appnoize.verry.ai";
    "com.apple.developer.associated-domains" =     (
        "applinks:dev.verry.ai",
        "applinks:54n8hcsj-3000.inc1.devtunnels.ms",
        "applinks:localhost:3000",
        "applinks:127.0.0.1:3000",
        "applinks:192.168.68.58:3000",
        "applinks:verry.ai"
    );
    "com.apple.developer.team-identifier" = 244FRME228;
    "get-task-allow" = 1;
}', teamID='244FRME228', identifier='dev.appnoize.verry.ai', executablePath='<DVTFilePath:0x773c3e940:'/Users/ashfauck/Library/Developer/Xcode/Archives/2025-10-21/VerryAppDevelopment 21-10-25, 10.41 PM.xcarchive/Products/Applications/VerryApp.app/VerryApp'>', hardenedRuntime='0'>'> are: {
    "application-identifier" = "244FRME228.dev.appnoize.verry.ai";
    "com.apple.developer.associated-domains" =     (
        "applinks:dev.verry.ai",
        "applinks:54n8hcsj-3000.inc1.devtunnels.ms",
        "applinks:localhost:3000",
        "applinks:127.0.0.1:3000",
        "applinks:192.168.68.58:3000",
        "applinks:verry.ai"
    );
    "com.apple.developer.team-identifier" = 244FRME228;
    "get-task-allow" = 1;
}
2025-10-21 5:30:16 PM +0000  Writing entitlements for <IDEDistributionItem: 0x773e4e580; bundleID='dev.appnoize.verry.ai', path='<DVTFilePath:0x773c2eb80:'/Users/ashfauck/Library/Developer/Xcode/Archives/2025-10-21/VerryAppDevelopment 21-10-25, 10.41 PM.xcarchive/Products/Applications/VerryApp.app'>', codeSigningInfo='<_DVTCodeSigningInformation_Path: 0x773e4e4c0; isSigned='1', isAdHocSigned='0', signingCertificate='<DVTSigningCertificate: 0x7a0dcf900; name='Apple Development: Dinesh Mishra (H22T9Y4P2X)', hash='81F998950BB5CCD9AFCACD48991929DA05336004', serialNumber='6C39E2AA88A62B45165473557C830D1E', certificateKinds='(
    "1.2.840.113635.100.6.1.12",
    "1.2.840.113635.100.6.1.2"
), issueDate='2025-10-03 6:11:06 PM +0000''>', entitlements='{
    "application-identifier" = "244FRME228.dev.appnoize.verry.ai";
    "com.apple.developer.associated-domains" =     (
        "applinks:dev.verry.ai",
        "applinks:54n8hcsj-3000.inc1.devtunnels.ms",
        "applinks:localhost:3000",
        "applinks:127.0.0.1:3000",
        "applinks:192.168.68.58:3000",
        "applinks:verry.ai"
    );
    "com.apple.developer.team-identifier" = 244FRME228;
    "get-task-allow" = 1;
}', teamID='244FRME228', identifier='dev.appnoize.verry.ai', executablePath='<DVTFilePath:0x773c3e940:'/Users/ashfauck/Library/Developer/Xcode/Archives/2025-10-21/VerryAppDevelopment 21-10-25, 10.41 PM.xcarchive/Products/Applications/VerryApp.app/VerryApp'>', hardenedRuntime='0'>'> to: /var/folders/x6/k7491wjd4jqbl_d65p24cj_m0000gn/T/XcodeDistPipeline.~~~cPnI0s/entitlements~~~4Jjq38
2025-10-21 5:30:16 PM +0000  invoking codesign: <NSConcreteTask: 0x774174c30; launchPath='/usr/bin/codesign', arguments='(
    "-f",
    "-s",
    81F998950BB5CCD9AFCACD48991929DA05336004,
    "--entitlements",
    "/var/folders/x6/k7491wjd4jqbl_d65p24cj_m0000gn/T/XcodeDistPipeline.~~~cPnI0s/entitlements~~~4Jjq38",
    "--preserve-metadata=identifier,flags,runtime,launch-constraints,library-constraints",
    "--generate-entitlement-der",
    "--strip-disallowed-xattrs",
    "-vvv",
    "/var/folders/x6/k7491wjd4jqbl_d65p24cj_m0000gn/T/XcodeDistPipeline.~~~cPnI0s/Root/Payload/VerryApp.app"
)'>
2025-10-21 5:30:17 PM +0000  codesign output: /var/folders/x6/k7491wjd4jqbl_d65p24cj_m0000gn/T/XcodeDistPipeline.~~~cPnI0s/Root/Payload/VerryApp.app: replacing existing signature
/var/folders/x6/k7491wjd4jqbl_d65p24cj_m0000gn/T/XcodeDistPipeline.~~~cPnI0s/Root/Payload/VerryApp.app: signed app bundle with Mach-O thin (arm64) [dev.appnoize.verry.ai]
2025-10-21 5:30:17 PM +0000  Processing step: IDEDistributionZipODRItemStep
2025-10-21 5:30:17 PM +0000  Skipping step: IDEDistributionZipODRItemStep because it said so
2025-10-21 5:30:17 PM +0000  Skipping step: IDEDistributionZipODRItemStep because it said so
2025-10-21 5:30:17 PM +0000  Processing step: IDEDistributionCreateIPAStep
2025-10-21 5:30:17 PM +0000  Running /usr/bin/ditto '-V' '-c' '-k' '--norsrc' '/var/folders/x6/k7491wjd4jqbl_d65p24cj_m0000gn/T/XcodeDistPipeline.~~~cPnI0s/Root' '/var/folders/x6/k7491wjd4jqbl_d65p24cj_m0000gn/T/XcodeDistPipeline.~~~cPnI0s/Packages/VerryApp.ipa'
2025-10-21 5:30:17 PM +0000  >>> Copying /var/folders/x6/k7491wjd4jqbl_d65p24cj_m0000gn/T/XcodeDistPipeline.~~~cPnI0s/Root 
2025-10-21 5:30:17 PM +0000  copying file ./Payload/VerryApp.app/_CodeSignature/CodeResources ... 
2025-10-21 5:30:17 PM +0000  41640 bytes for ./Payload/VerryApp.app/_CodeSignature/CodeResources
2025-10-21 5:30:17 PM +0000  copying file ./Payload/VerryApp.app/AppIcon60x60@2x.png ... 
2025-10-21 5:30:17 PM +0000  5417 bytes for ./Payload/VerryApp.app/AppIcon60x60@2x.png
2025-10-21 5:30:17 PM +0000  copying file ./Payload/VerryApp.app/RNDeviceInfoPrivacyInfo.bundle/PrivacyInfo.xcprivacy ... 
2025-10-21 5:30:17 PM +0000  1159 bytes for ./Payload/VerryApp.app/RNDeviceInfoPrivacyInfo.bundle/PrivacyInfo.xcprivacy
2025-10-21 5:30:17 PM +0000  copying file ./Payload/VerryApp.app/RNDeviceInfoPrivacyInfo.bundle/Info.plist ... 
2025-10-21 5:30:17 PM +0000  796 bytes for ./Payload/VerryApp.app/RNDeviceInfoPrivacyInfo.bundle/Info.plist
2025-10-21 5:30:17 PM +0000  copying file ./Payload/VerryApp.app/Assets.car ... 
2025-10-21 5:30:17 PM +0000  140680 bytes for ./Payload/VerryApp.app/Assets.car
copying file ./Payload/VerryApp.app/main.jsbundle ... 
2025-10-21 5:30:17 PM +0000  3722231 bytes for ./Payload/VerryApp.app/main.jsbundle
2025-10-21 5:30:17 PM +0000  copying file ./Payload/VerryApp.app/RCTI18nStrings.bundle/de.lproj/Localizable.strings ... 
64 bytes for ./Payload/VerryApp.app/RCTI18nStrings.bundle/de.lproj/Localizable.strings
copying file ./Payload/VerryApp.app/RCTI18nStrings.bundle/de.lproj/fbt_language_pack.bin ... 
2025-10-21 5:30:17 PM +0000  1312 bytes for ./Payload/VerryApp.app/RCTI18nStrings.bundle/de.lproj/fbt_language_pack.bin
copying file ./Payload/VerryApp.app/RCTI18nStrings.bundle/he.lproj/Localizable.strings ... 
2025-10-21 5:30:17 PM +0000  64 bytes for ./Payload/VerryApp.app/RCTI18nStrings.bundle/he.lproj/Localizable.strings
copying file ./Payload/VerryApp.app/RCTI18nStrings.bundle/he.lproj/fbt_language_pack.bin ... 
2025-10-21 5:30:17 PM +0000  1444 bytes for ./Payload/VerryApp.app/RCTI18nStrings.bundle/he.lproj/fbt_language_pack.bin
copying file ./Payload/VerryApp.app/RCTI18nStrings.bundle/ar.lproj/Localizable.strings ... 
2025-10-21 5:30:17 PM +0000  64 bytes for ./Payload/VerryApp.app/RCTI18nStrings.bundle/ar.lproj/Localizable.strings
copying file ./Payload/VerryApp.app/RCTI18nStrings.bundle/ar.lproj/fbt_language_pack.bin ... 
2025-10-21 5:30:17 PM +0000  1500 bytes for ./Payload/VerryApp.app/RCTI18nStrings.bundle/ar.lproj/fbt_language_pack.bin
copying file ./Payload/VerryApp.app/RCTI18nStrings.bundle/el.lproj/Localizable.strings ... 
64 bytes for ./Payload/VerryApp.app/RCTI18nStrings.bundle/el.lproj/Localizable.strings
copying file ./Payload/VerryApp.app/RCTI18nStrings.bundle/el.lproj/fbt_language_pack.bin ... 
2025-10-21 5:30:17 PM +0000  1600 bytes for ./Payload/VerryApp.app/RCTI18nStrings.bundle/el.lproj/fbt_language_pack.bin
copying file ./Payload/VerryApp.app/RCTI18nStrings.bundle/zh-Hans.lproj/Localizable.strings ... 
2025-10-21 5:30:17 PM +0000  64 bytes for ./Payload/VerryApp.app/RCTI18nStrings.bundle/zh-Hans.lproj/Localizable.strings
copying file ./Payload/VerryApp.app/RCTI18nStrings.bundle/zh-Hans.lproj/fbt_language_pack.bin ... 
1296 bytes for ./Payload/VerryApp.app/RCTI18nStrings.bundle/zh-Hans.lproj/fbt_language_pack.bin
2025-10-21 5:30:17 PM +0000  copying file ./Payload/VerryApp.app/RCTI18nStrings.bundle/ja.lproj/Localizable.strings ... 
64 bytes for ./Payload/VerryApp.app/RCTI18nStrings.bundle/ja.lproj/Localizable.strings
copying file ./Payload/VerryApp.app/RCTI18nStrings.bundle/ja.lproj/fbt_language_pack.bin ... 
2025-10-21 5:30:17 PM +0000  1436 bytes for ./Payload/VerryApp.app/RCTI18nStrings.bundle/ja.lproj/fbt_language_pack.bin
copying file ./Payload/VerryApp.app/RCTI18nStrings.bundle/en.lproj/Localizable.strings ... 
2025-10-21 5:30:17 PM +0000  64 bytes for ./Payload/VerryApp.app/RCTI18nStrings.bundle/en.lproj/Localizable.strings
copying file ./Payload/VerryApp.app/RCTI18nStrings.bundle/zh-Hant-HK.lproj/Localizable.strings ... 
2025-10-21 5:30:17 PM +0000  64 bytes for ./Payload/VerryApp.app/RCTI18nStrings.bundle/zh-Hant-HK.lproj/Localizable.strings
copying file ./Payload/VerryApp.app/RCTI18nStrings.bundle/zh-Hant-HK.lproj/fbt_language_pack.bin ... 
2025-10-21 5:30:17 PM +0000  1296 bytes for ./Payload/VerryApp.app/RCTI18nStrings.bundle/zh-Hant-HK.lproj/fbt_language_pack.bin
copying file ./Payload/VerryApp.app/RCTI18nStrings.bundle/uk.lproj/Localizable.strings ... 
64 bytes for ./Payload/VerryApp.app/RCTI18nStrings.bundle/uk.lproj/Localizable.strings
2025-10-21 5:30:17 PM +0000  copying file ./Payload/VerryApp.app/RCTI18nStrings.bundle/uk.lproj/fbt_language_pack.bin ... 
2025-10-21 5:30:17 PM +0000  1564 bytes for ./Payload/VerryApp.app/RCTI18nStrings.bundle/uk.lproj/fbt_language_pack.bin
copying file ./Payload/VerryApp.app/RCTI18nStrings.bundle/nb.lproj/Localizable.strings ... 
2025-10-21 5:30:17 PM +0000  64 bytes for ./Payload/VerryApp.app/RCTI18nStrings.bundle/nb.lproj/Localizable.strings
copying file ./Payload/VerryApp.app/RCTI18nStrings.bundle/nb.lproj/fbt_language_pack.bin ... 
2025-10-21 5:30:17 PM +0000  1296 bytes for ./Payload/VerryApp.app/RCTI18nStrings.bundle/nb.lproj/fbt_language_pack.bin
copying file ./Payload/VerryApp.app/RCTI18nStrings.bundle/en-GB.lproj/Localizable.strings ... 
64 bytes for ./Payload/VerryApp.app/RCTI18nStrings.bundle/en-GB.lproj/Localizable.strings
2025-10-21 5:30:17 PM +0000  copying file ./Payload/VerryApp.app/RCTI18nStrings.bundle/en-GB.lproj/fbt_language_pack.bin ... 
2025-10-21 5:30:17 PM +0000  1268 bytes for ./Payload/VerryApp.app/RCTI18nStrings.bundle/en-GB.lproj/fbt_language_pack.bin
copying file ./Payload/VerryApp.app/RCTI18nStrings.bundle/es.lproj/Localizable.strings ... 
64 bytes for ./Payload/VerryApp.app/RCTI18nStrings.bundle/es.lproj/Localizable.strings
copying file ./Payload/VerryApp.app/RCTI18nStrings.bundle/es.lproj/fbt_language_pack.bin ... 
2025-10-21 5:30:17 PM +0000  1364 bytes for ./Payload/VerryApp.app/RCTI18nStrings.bundle/es.lproj/fbt_language_pack.bin
2025-10-21 5:30:17 PM +0000  copying file ./Payload/VerryApp.app/RCTI18nStrings.bundle/da.lproj/Localizable.strings ... 
64 bytes for ./Payload/VerryApp.app/RCTI18nStrings.bundle/da.lproj/Localizable.strings
copying file ./Payload/VerryApp.app/RCTI18nStrings.bundle/da.lproj/fbt_language_pack.bin ... 
2025-10-21 5:30:17 PM +0000  1300 bytes for ./Payload/VerryApp.app/RCTI18nStrings.bundle/da.lproj/fbt_language_pack.bin
2025-10-21 5:30:17 PM +0000  copying file ./Payload/VerryApp.app/RCTI18nStrings.bundle/it.lproj/Localizable.strings ... 
2025-10-21 5:30:17 PM +0000  64 bytes for ./Payload/VerryApp.app/RCTI18nStrings.bundle/it.lproj/Localizable.strings
2025-10-21 5:30:17 PM +0000  copying file ./Payload/VerryApp.app/RCTI18nStrings.bundle/it.lproj/fbt_language_pack.bin ... 
2025-10-21 5:30:17 PM +0000  1388 bytes for ./Payload/VerryApp.app/RCTI18nStrings.bundle/it.lproj/fbt_language_pack.bin
2025-10-21 5:30:17 PM +0000  copying file ./Payload/VerryApp.app/RCTI18nStrings.bundle/sk.lproj/Localizable.strings ... 
2025-10-21 5:30:17 PM +0000  64 bytes for ./Payload/VerryApp.app/RCTI18nStrings.bundle/sk.lproj/Localizable.strings
2025-10-21 5:30:17 PM +0000  copying file ./Payload/VerryApp.app/RCTI18nStrings.bundle/sk.lproj/fbt_language_pack.bin ... 
2025-10-21 5:30:17 PM +0000  1356 bytes for ./Payload/VerryApp.app/RCTI18nStrings.bundle/sk.lproj/fbt_language_pack.bin
2025-10-21 5:30:17 PM +0000  copying file ./Payload/VerryApp.app/RCTI18nStrings.bundle/es-ES.lproj/Localizable.strings ... 
2025-10-21 5:30:17 PM +0000  64 bytes for ./Payload/VerryApp.app/RCTI18nStrings.bundle/es-ES.lproj/Localizable.strings
2025-10-21 5:30:17 PM +0000  copying file ./Payload/VerryApp.app/RCTI18nStrings.bundle/es-ES.lproj/fbt_language_pack.bin ... 
2025-10-21 5:30:17 PM +0000  1368 bytes for ./Payload/VerryApp.app/RCTI18nStrings.bundle/es-ES.lproj/fbt_language_pack.bin
2025-10-21 5:30:17 PM +0000  copying file ./Payload/VerryApp.app/RCTI18nStrings.bundle/ms.lproj/Localizable.strings ... 
2025-10-21 5:30:17 PM +0000  64 bytes for ./Payload/VerryApp.app/RCTI18nStrings.bundle/ms.lproj/Localizable.strings
2025-10-21 5:30:17 PM +0000  copying file ./Payload/VerryApp.app/RCTI18nStrings.bundle/ms.lproj/fbt_language_pack.bin ... 
2025-10-21 5:30:17 PM +0000  1292 bytes for ./Payload/VerryApp.app/RCTI18nStrings.bundle/ms.lproj/fbt_language_pack.bin
2025-10-21 5:30:17 PM +0000  copying file ./Payload/VerryApp.app/RCTI18nStrings.bundle/sv.lproj/Localizable.strings ... 
2025-10-21 5:30:17 PM +0000  64 bytes for ./Payload/VerryApp.app/RCTI18nStrings.bundle/sv.lproj/Localizable.strings
2025-10-21 5:30:17 PM +0000  copying file ./Payload/VerryApp.app/RCTI18nStrings.bundle/sv.lproj/fbt_language_pack.bin ... 
2025-10-21 5:30:17 PM +0000  1300 bytes for ./Payload/VerryApp.app/RCTI18nStrings.bundle/sv.lproj/fbt_language_pack.bin
2025-10-21 5:30:17 PM +0000  copying file ./Payload/VerryApp.app/RCTI18nStrings.bundle/cs.lproj/Localizable.strings ... 
2025-10-21 5:30:17 PM +0000  64 bytes for ./Payload/VerryApp.app/RCTI18nStrings.bundle/cs.lproj/Localizable.strings
2025-10-21 5:30:17 PM +0000  copying file ./Payload/VerryApp.app/RCTI18nStrings.bundle/cs.lproj/fbt_language_pack.bin ... 
2025-10-21 5:30:17 PM +0000  1368 bytes for ./Payload/VerryApp.app/RCTI18nStrings.bundle/cs.lproj/fbt_language_pack.bin
2025-10-21 5:30:17 PM +0000  copying file ./Payload/VerryApp.app/RCTI18nStrings.bundle/ko.lproj/Localizable.strings ... 
2025-10-21 5:30:17 PM +0000  64 bytes for ./Payload/VerryApp.app/RCTI18nStrings.bundle/ko.lproj/Localizable.strings
2025-10-21 5:30:17 PM +0000  copying file ./Payload/VerryApp.app/RCTI18nStrings.bundle/ko.lproj/fbt_language_pack.bin ... 
2025-10-21 5:30:17 PM +0000  1332 bytes for ./Payload/VerryApp.app/RCTI18nStrings.bundle/ko.lproj/fbt_language_pack.bin
2025-10-21 5:30:17 PM +0000  copying file ./Payload/VerryApp.app/RCTI18nStrings.bundle/zh-Hant.lproj/Localizable.strings ... 
2025-10-21 5:30:17 PM +0000  64 bytes for ./Payload/VerryApp.app/RCTI18nStrings.bundle/zh-Hant.lproj/Localizable.strings
2025-10-21 5:30:17 PM +0000  copying file ./Payload/VerryApp.app/RCTI18nStrings.bundle/zh-Hant.lproj/fbt_language_pack.bin ... 
2025-10-21 5:30:17 PM +0000  1308 bytes for ./Payload/VerryApp.app/RCTI18nStrings.bundle/zh-Hant.lproj/fbt_language_pack.bin
2025-10-21 5:30:17 PM +0000  copying file ./Payload/VerryApp.app/RCTI18nStrings.bundle/hu.lproj/Localizable.strings ... 
2025-10-21 5:30:17 PM +0000  64 bytes for ./Payload/VerryApp.app/RCTI18nStrings.bundle/hu.lproj/Localizable.strings
2025-10-21 5:30:17 PM +0000  copying file ./Payload/VerryApp.app/RCTI18nStrings.bundle/hu.lproj/fbt_language_pack.bin ... 
2025-10-21 5:30:17 PM +0000  1348 bytes for ./Payload/VerryApp.app/RCTI18nStrings.bundle/hu.lproj/fbt_language_pack.bin
2025-10-21 5:30:17 PM +0000  copying file ./Payload/VerryApp.app/RCTI18nStrings.bundle/tr.lproj/Localizable.strings ... 
2025-10-21 5:30:17 PM +0000  64 bytes for ./Payload/VerryApp.app/RCTI18nStrings.bundle/tr.lproj/Localizable.strings
2025-10-21 5:30:17 PM +0000  copying file ./Payload/VerryApp.app/RCTI18nStrings.bundle/tr.lproj/fbt_language_pack.bin ... 
2025-10-21 5:30:17 PM +0000  1360 bytes for ./Payload/VerryApp.app/RCTI18nStrings.bundle/tr.lproj/fbt_language_pack.bin
2025-10-21 5:30:17 PM +0000  copying file ./Payload/VerryApp.app/RCTI18nStrings.bundle/pl.lproj/Localizable.strings ... 
2025-10-21 5:30:17 PM +0000  64 bytes for ./Payload/VerryApp.app/RCTI18nStrings.bundle/pl.lproj/Localizable.strings
2025-10-21 5:30:17 PM +0000  copying file ./Payload/VerryApp.app/RCTI18nStrings.bundle/pl.lproj/fbt_language_pack.bin ... 
2025-10-21 5:30:17 PM +0000  1340 bytes for ./Payload/VerryApp.app/RCTI18nStrings.bundle/pl.lproj/fbt_language_pack.bin
2025-10-21 5:30:17 PM +0000  copying file ./Payload/VerryApp.app/RCTI18nStrings.bundle/vi.lproj/Localizable.strings ... 
2025-10-21 5:30:17 PM +0000  64 bytes for ./Payload/VerryApp.app/RCTI18nStrings.bundle/vi.lproj/Localizable.strings
2025-10-21 5:30:17 PM +0000  copying file ./Payload/VerryApp.app/RCTI18nStrings.bundle/vi.lproj/fbt_language_pack.bin ... 
2025-10-21 5:30:17 PM +0000  1352 bytes for ./Payload/VerryApp.app/RCTI18nStrings.bundle/vi.lproj/fbt_language_pack.bin
2025-10-21 5:30:17 PM +0000  copying file ./Payload/VerryApp.app/RCTI18nStrings.bundle/ru.lproj/Localizable.strings ... 
2025-10-21 5:30:17 PM +0000  64 bytes for ./Payload/VerryApp.app/RCTI18nStrings.bundle/ru.lproj/Localizable.strings
2025-10-21 5:30:17 PM +0000  copying file ./Payload/VerryApp.app/RCTI18nStrings.bundle/ru.lproj/fbt_language_pack.bin ... 
2025-10-21 5:30:17 PM +0000  1576 bytes for ./Payload/VerryApp.app/RCTI18nStrings.bundle/ru.lproj/fbt_language_pack.bin
2025-10-21 5:30:17 PM +0000  copying file ./Payload/VerryApp.app/RCTI18nStrings.bundle/fr.lproj/Localizable.strings ... 
2025-10-21 5:30:17 PM +0000  64 bytes for ./Payload/VerryApp.app/RCTI18nStrings.bundle/fr.lproj/Localizable.strings
2025-10-21 5:30:17 PM +0000  copying file ./Payload/VerryApp.app/RCTI18nStrings.bundle/fr.lproj/fbt_language_pack.bin ... 
2025-10-21 5:30:17 PM +0000  1360 bytes for ./Payload/VerryApp.app/RCTI18nStrings.bundle/fr.lproj/fbt_language_pack.bin
2025-10-21 5:30:17 PM +0000  copying file ./Payload/VerryApp.app/RCTI18nStrings.bundle/fi.lproj/Localizable.strings ... 
2025-10-21 5:30:17 PM +0000  64 bytes for ./Payload/VerryApp.app/RCTI18nStrings.bundle/fi.lproj/Localizable.strings
2025-10-21 5:30:17 PM +0000  copying file ./Payload/VerryApp.app/RCTI18nStrings.bundle/fi.lproj/fbt_language_pack.bin ... 
2025-10-21 5:30:17 PM +0000  1340 bytes for ./Payload/VerryApp.app/RCTI18nStrings.bundle/fi.lproj/fbt_language_pack.bin
2025-10-21 5:30:17 PM +0000  copying file ./Payload/VerryApp.app/RCTI18nStrings.bundle/id.lproj/Localizable.strings ... 
2025-10-21 5:30:17 PM +0000  64 bytes for ./Payload/VerryApp.app/RCTI18nStrings.bundle/id.lproj/Localizable.strings
2025-10-21 5:30:17 PM +0000  copying file ./Payload/VerryApp.app/RCTI18nStrings.bundle/id.lproj/fbt_language_pack.bin ... 
2025-10-21 5:30:17 PM +0000  1300 bytes for ./Payload/VerryApp.app/RCTI18nStrings.bundle/id.lproj/fbt_language_pack.bin
2025-10-21 5:30:17 PM +0000  copying file ./Payload/VerryApp.app/RCTI18nStrings.bundle/nl.lproj/Localizable.strings ... 
2025-10-21 5:30:17 PM +0000  64 bytes for ./Payload/VerryApp.app/RCTI18nStrings.bundle/nl.lproj/Localizable.strings
copying file ./Payload/VerryApp.app/RCTI18nStrings.bundle/nl.lproj/fbt_language_pack.bin ... 
2025-10-21 5:30:17 PM +0000  1324 bytes for ./Payload/VerryApp.app/RCTI18nStrings.bundle/nl.lproj/fbt_language_pack.bin
2025-10-21 5:30:17 PM +0000  copying file ./Payload/VerryApp.app/RCTI18nStrings.bundle/th.lproj/Localizable.strings ... 
2025-10-21 5:30:17 PM +0000  64 bytes for ./Payload/VerryApp.app/RCTI18nStrings.bundle/th.lproj/Localizable.strings
2025-10-21 5:30:17 PM +0000  copying file ./Payload/VerryApp.app/RCTI18nStrings.bundle/th.lproj/fbt_language_pack.bin ... 
2025-10-21 5:30:17 PM +0000  1784 bytes for ./Payload/VerryApp.app/RCTI18nStrings.bundle/th.lproj/fbt_language_pack.bin
2025-10-21 5:30:17 PM +0000  copying file ./Payload/VerryApp.app/RCTI18nStrings.bundle/pt.lproj/Localizable.strings ... 
2025-10-21 5:30:17 PM +0000  64 bytes for ./Payload/VerryApp.app/RCTI18nStrings.bundle/pt.lproj/Localizable.strings
2025-10-21 5:30:17 PM +0000  copying file ./Payload/VerryApp.app/RCTI18nStrings.bundle/pt.lproj/fbt_language_pack.bin ... 
2025-10-21 5:30:17 PM +0000  1356 bytes for ./Payload/VerryApp.app/RCTI18nStrings.bundle/pt.lproj/fbt_language_pack.bin
2025-10-21 5:30:17 PM +0000  copying file ./Payload/VerryApp.app/RCTI18nStrings.bundle/zu.lproj/Localizable.strings ... 
2025-10-21 5:30:17 PM +0000  64 bytes for ./Payload/VerryApp.app/RCTI18nStrings.bundle/zu.lproj/Localizable.strings
2025-10-21 5:30:17 PM +0000  copying file ./Payload/VerryApp.app/RCTI18nStrings.bundle/zu.lproj/fbt_language_pack.bin ... 
2025-10-21 5:30:17 PM +0000  2076 bytes for ./Payload/VerryApp.app/RCTI18nStrings.bundle/zu.lproj/fbt_language_pack.bin
2025-10-21 5:30:17 PM +0000  copying file ./Payload/VerryApp.app/RCTI18nStrings.bundle/pt-PT.lproj/Localizable.strings ... 
2025-10-21 5:30:17 PM +0000  64 bytes for ./Payload/VerryApp.app/RCTI18nStrings.bundle/pt-PT.lproj/Localizable.strings
2025-10-21 5:30:17 PM +0000  copying file ./Payload/VerryApp.app/RCTI18nStrings.bundle/pt-PT.lproj/fbt_language_pack.bin ... 
2025-10-21 5:30:17 PM +0000  1372 bytes for ./Payload/VerryApp.app/RCTI18nStrings.bundle/pt-PT.lproj/fbt_language_pack.bin
2025-10-21 5:30:17 PM +0000  copying file ./Payload/VerryApp.app/RCTI18nStrings.bundle/ro.lproj/Localizable.strings ... 
2025-10-21 5:30:17 PM +0000  64 bytes for ./Payload/VerryApp.app/RCTI18nStrings.bundle/ro.lproj/Localizable.strings
2025-10-21 5:30:17 PM +0000  copying file ./Payload/VerryApp.app/RCTI18nStrings.bundle/ro.lproj/fbt_language_pack.bin ... 
2025-10-21 5:30:17 PM +0000  1344 bytes for ./Payload/VerryApp.app/RCTI18nStrings.bundle/ro.lproj/fbt_language_pack.bin
2025-10-21 5:30:17 PM +0000  copying file ./Payload/VerryApp.app/RCTI18nStrings.bundle/Info.plist ... 
2025-10-21 5:30:17 PM +0000  775 bytes for ./Payload/VerryApp.app/RCTI18nStrings.bundle/Info.plist
2025-10-21 5:30:17 PM +0000  copying file ./Payload/VerryApp.app/RCTI18nStrings.bundle/hr.lproj/Localizable.strings ... 
2025-10-21 5:30:17 PM +0000  64 bytes for ./Payload/VerryApp.app/RCTI18nStrings.bundle/hr.lproj/Localizable.strings
2025-10-21 5:30:17 PM +0000  copying file ./Payload/VerryApp.app/RCTI18nStrings.bundle/hr.lproj/fbt_language_pack.bin ... 
2025-10-21 5:30:17 PM +0000  1352 bytes for ./Payload/VerryApp.app/RCTI18nStrings.bundle/hr.lproj/fbt_language_pack.bin
2025-10-21 5:30:17 PM +0000  copying file ./Payload/VerryApp.app/RCTI18nStrings.bundle/hi.lproj/Localizable.strings ... 
2025-10-21 5:30:17 PM +0000  64 bytes for ./Payload/VerryApp.app/RCTI18nStrings.bundle/hi.lproj/Localizable.strings
2025-10-21 5:30:17 PM +0000  copying file ./Payload/VerryApp.app/RCTI18nStrings.bundle/hi.lproj/fbt_language_pack.bin ... 
2025-10-21 5:30:17 PM +0000  1640 bytes for ./Payload/VerryApp.app/RCTI18nStrings.bundle/hi.lproj/fbt_language_pack.bin
2025-10-21 5:30:17 PM +0000  copying file ./Payload/VerryApp.app/PrivacyInfo.xcprivacy ... 
2025-10-21 5:30:17 PM +0000  1255 bytes for ./Payload/VerryApp.app/PrivacyInfo.xcprivacy
2025-10-21 5:30:17 PM +0000  copying file ./Payload/VerryApp.app/LaunchScreen.storyboardc/01J-lp-oVM-view-Ze5-6b-2t3.nib ... 
2025-10-21 5:30:17 PM +0000  1225 bytes for ./Payload/VerryApp.app/LaunchScreen.storyboardc/01J-lp-oVM-view-Ze5-6b-2t3.nib
2025-10-21 5:30:17 PM +0000  copying file ./Payload/VerryApp.app/LaunchScreen.storyboardc/UIViewController-01J-lp-oVM.nib ... 
2025-10-21 5:30:17 PM +0000  924 bytes for ./Payload/VerryApp.app/LaunchScreen.storyboardc/UIViewController-01J-lp-oVM.nib
2025-10-21 5:30:17 PM +0000  copying file ./Payload/VerryApp.app/LaunchScreen.storyboardc/Info.plist ... 
2025-10-21 5:30:17 PM +0000  258 bytes for ./Payload/VerryApp.app/LaunchScreen.storyboardc/Info.plist
2025-10-21 5:30:17 PM +0000  copying file ./Payload/VerryApp.app/RNSVGFilters.bundle/RNSVGArithmeticFilter.iphoneos.metallib ... 
2025-10-21 5:30:17 PM +0000  3993 bytes for ./Payload/VerryApp.app/RNSVGFilters.bundle/RNSVGArithmeticFilter.iphoneos.metallib
2025-10-21 5:30:17 PM +0000  copying file ./Payload/VerryApp.app/RNSVGFilters.bundle/RNSVGCompositeXor.iphoneos.metallib ... 
2025-10-21 5:30:17 PM +0000  3509 bytes for ./Payload/VerryApp.app/RNSVGFilters.bundle/RNSVGCompositeXor.iphoneos.metallib
2025-10-21 5:30:17 PM +0000  copying file ./Payload/VerryApp.app/RNSVGFilters.bundle/Info.plist ... 
2025-10-21 5:30:17 PM +0000  772 bytes for ./Payload/VerryApp.app/RNSVGFilters.bundle/Info.plist
2025-10-21 5:30:17 PM +0000  copying file ./Payload/VerryApp.app/Frameworks/hermes.framework/_CodeSignature/CodeResources ... 
2025-10-21 5:30:17 PM +0000  1798 bytes for ./Payload/VerryApp.app/Frameworks/hermes.framework/_CodeSignature/CodeResources
2025-10-21 5:30:17 PM +0000  copying file ./Payload/VerryApp.app/Frameworks/hermes.framework/hermes ... 
2025-10-21 5:30:17 PM +0000  4419216 bytes for ./Payload/VerryApp.app/Frameworks/hermes.framework/hermes
2025-10-21 5:30:17 PM +0000  copying file ./Payload/VerryApp.app/Frameworks/hermes.framework/Info.plist ... 
859 bytes for ./Payload/VerryApp.app/Frameworks/hermes.framework/Info.plist
copying file ./Payload/VerryApp.app/embedded.mobileprovision ... 
2025-10-21 5:30:17 PM +0000  14669 bytes for ./Payload/VerryApp.app/embedded.mobileprovision
2025-10-21 5:30:17 PM +0000  copying file ./Payload/VerryApp.app/assets/node_modules/@react-navigation/elements/src/assets/back-icon@3x.png ... 
2025-10-21 5:30:17 PM +0000  761 bytes for ./Payload/VerryApp.app/assets/node_modules/@react-navigation/elements/src/assets/back-icon@3x.png
copying file ./Payload/VerryApp.app/assets/node_modules/@react-navigation/elements/src/assets/back-icon@2x.png ... 
2025-10-21 5:30:17 PM +0000  405 bytes for ./Payload/VerryApp.app/assets/node_modules/@react-navigation/elements/src/assets/back-icon@2x.png
copying file ./Payload/VerryApp.app/assets/node_modules/@react-navigation/elements/src/assets/back-icon.png ... 
2025-10-21 5:30:17 PM +0000  290 bytes for ./Payload/VerryApp.app/assets/node_modules/@react-navigation/elements/src/assets/back-icon.png
copying file ./Payload/VerryApp.app/assets/node_modules/@react-navigation/elements/src/assets/back-icon-mask.png ... 
2025-10-21 5:30:17 PM +0000  913 bytes for ./Payload/VerryApp.app/assets/node_modules/@react-navigation/elements/src/assets/back-icon-mask.png
2025-10-21 5:30:17 PM +0000  copying file ./Payload/VerryApp.app/assets/node_modules/react-native-dropdown-picker/src/themes/light/icons/tick.png ... 
2025-10-21 5:30:17 PM +0000  1214 bytes for ./Payload/VerryApp.app/assets/node_modules/react-native-dropdown-picker/src/themes/light/icons/tick.png
2025-10-21 5:30:17 PM +0000  copying file ./Payload/VerryApp.app/assets/node_modules/react-native-dropdown-picker/src/themes/light/icons/arrow-down.png ... 
2025-10-21 5:30:17 PM +0000  522 bytes for ./Payload/VerryApp.app/assets/node_modules/react-native-dropdown-picker/src/themes/light/icons/arrow-down.png
2025-10-21 5:30:17 PM +0000  copying file ./Payload/VerryApp.app/assets/node_modules/react-native-dropdown-picker/src/themes/light/icons/arrow-up.png ... 
807 bytes for ./Payload/VerryApp.app/assets/node_modules/react-native-dropdown-picker/src/themes/light/icons/arrow-up.png
2025-10-21 5:30:17 PM +0000  copying file ./Payload/VerryApp.app/assets/node_modules/react-native-dropdown-picker/src/themes/light/icons/close.png ... 
2025-10-21 5:30:17 PM +0000  338 bytes for ./Payload/VerryApp.app/assets/node_modules/react-native-dropdown-picker/src/themes/light/icons/close.png
2025-10-21 5:30:17 PM +0000  copying file ./Payload/VerryApp.app/assets/node_modules/react-native-dropdown-picker/src/themes/dark/icons/tick.png ... 
2025-10-21 5:30:17 PM +0000  15772 bytes for ./Payload/VerryApp.app/assets/node_modules/react-native-dropdown-picker/src/themes/dark/icons/tick.png
2025-10-21 5:30:17 PM +0000  copying file ./Payload/VerryApp.app/assets/node_modules/react-native-dropdown-picker/src/themes/dark/icons/arrow-down.png ... 
2025-10-21 5:30:17 PM +0000  15367 bytes for ./Payload/VerryApp.app/assets/node_modules/react-native-dropdown-picker/src/themes/dark/icons/arrow-down.png
2025-10-21 5:30:17 PM +0000  copying file ./Payload/VerryApp.app/assets/node_modules/react-native-dropdown-picker/src/themes/dark/icons/arrow-up.png ... 
2025-10-21 5:30:17 PM +0000  15500 bytes for ./Payload/VerryApp.app/assets/node_modules/react-native-dropdown-picker/src/themes/dark/icons/arrow-up.png
2025-10-21 5:30:17 PM +0000  copying file ./Payload/VerryApp.app/assets/node_modules/react-native-dropdown-picker/src/themes/dark/icons/close.png ... 
2025-10-21 5:30:17 PM +0000  15449 bytes for ./Payload/VerryApp.app/assets/node_modules/react-native-dropdown-picker/src/themes/dark/icons/close.png
2025-10-21 5:30:17 PM +0000  copying file ./Payload/VerryApp.app/assets/src/Assets/KYC_Completed_light.png ... 
2025-10-21 5:30:17 PM +0000  180414 bytes for ./Payload/VerryApp.app/assets/src/Assets/KYC_Completed_light.png
2025-10-21 5:30:17 PM +0000  copying file ./Payload/VerryApp.app/assets/src/Assets/face_verification.png ... 
2025-10-21 5:30:17 PM +0000  930243 bytes for ./Payload/VerryApp.app/assets/src/Assets/face_verification.png
2025-10-21 5:30:17 PM +0000  copying file ./Payload/VerryApp.app/assets/src/Assets/KYC_Completed.png ... 
2025-10-21 5:30:17 PM +0000  208600 bytes for ./Payload/VerryApp.app/assets/src/Assets/KYC_Completed.png
2025-10-21 5:30:17 PM +0000  copying file ./Payload/VerryApp.app/assets/src/Assets/selected.png ... 
2025-10-21 5:30:17 PM +0000  3288 bytes for ./Payload/VerryApp.app/assets/src/Assets/selected.png
copying file ./Payload/VerryApp.app/assets/src/Assets/doc_verification.png ... 
2025-10-21 5:30:17 PM +0000  909096 bytes for ./Payload/VerryApp.app/assets/src/Assets/doc_verification.png
2025-10-21 5:30:17 PM +0000  copying file ./Payload/VerryApp.app/assets/src/Assets/gemini_email.png ... 
2025-10-21 5:30:17 PM +0000  887006 bytes for ./Payload/VerryApp.app/assets/src/Assets/gemini_email.png
2025-10-21 5:30:17 PM +0000  copying file ./Payload/VerryApp.app/Info.plist ... 
2025-10-21 5:30:17 PM +0000  2075 bytes for ./Payload/VerryApp.app/Info.plist
copying file ./Payload/VerryApp.app/RNCAsyncStorage_resources.bundle/PrivacyInfo.xcprivacy ... 
2025-10-21 5:30:17 PM +0000  512 bytes for ./Payload/VerryApp.app/RNCAsyncStorage_resources.bundle/PrivacyInfo.xcprivacy
copying file ./Payload/VerryApp.app/RNCAsyncStorage_resources.bundle/Info.plist ... 
2025-10-21 5:30:17 PM +0000  799 bytes for ./Payload/VerryApp.app/RNCAsyncStorage_resources.bundle/Info.plist
copying file ./Payload/VerryApp.app/PkgInfo ... 
2025-10-21 5:30:17 PM +0000  8 bytes for ./Payload/VerryApp.app/PkgInfo
copying file ./Payload/VerryApp.app/VerryApp ... 
2025-10-21 5:30:17 PM +0000  5590928 bytes for ./Payload/VerryApp.app/VerryApp
2025-10-21 5:30:17 PM +0000  /usr/bin/ditto exited with 0
2025-10-21 5:30:17 PM +0000  Processing step: IDEDistributionAppStoreInformationStep
2025-10-21 5:30:17 PM +0000  Skipping step: IDEDistributionAppStoreInformationStep because it said so
2025-10-21 5:30:17 PM +0000  Processing step: IDEDistributionGenerateProcessedDistributionItems
2025-10-21 5:30:17 PM +0000  IDEDistributionItem init <DVTFilePath:0x79e5a0a80:'/var/folders/x6/k7491wjd4jqbl_d65p24cj_m0000gn/T/XcodeDistPipeline.~~~cPnI0s/Root/Payload/VerryApp.app/Frameworks/hermes.framework'>
2025-10-21 5:30:17 PM +0000  IDEDistributionItem init <DVTFilePath:0x773e4f420:'/var/folders/x6/k7491wjd4jqbl_d65p24cj_m0000gn/T/XcodeDistPipeline.~~~cPnI0s/Root/Payload/VerryApp.app'>
2025-10-21 5:30:17 PM +0000  Processing step: IDEDistributionCreateManifestStep
